2026-09-13T14:01:36.952+03:00  INFO 13424 --- [ticketing] [main] c.n.ticketing.TicketingApplication       : Starting TicketingApplication using Java 21.0.5 with PID 13424 (D:\CoursesProjects\Spring Boot Internship Netpoint 2026\ticketing\target\classes started by ADMIN in D:\CoursesProjects\Spring Boot Internship Netpoint 2026\ticketing)
2026-09-13T14:01:36.954+03:00  INFO 13424 --- [ticketing] [main] c.n.ticketing.TicketingApplication       : No active profile set, falling back to 1 default profile: "default"
2026-09-13T14:01:37.404+03:00  INFO 13424 --- [ticketing] [main] .s.d.r.c.RepositoryConfigurationDelegate : Bootstrapping Spring Data JPA repositories in DEFAULT mode.
2026-09-13T14:01:37.435+03:00  INFO 13424 --- [ticketing] [main] .s.d.r.c.RepositoryConfigurationDelegate : Finished Spring Data repository scanning in 26 ms. Found 1 JPA repository interface.
2026-09-13T14:01:37.737+03:00  INFO 13424 --- [ticketing] [main] o.s.b.w.embedded.tomcat.TomcatWebServer  : Tomcat initialized with port 8082 (http)
2026-09-13T14:01:37.745+03:00  INFO 13424 --- [ticketing] [main] o.apache.catalina.core.StandardService   : Starting service [Tomcat]
2026-09-13T14:01:37.745+03:00  INFO 13424 --- [ticketing] [main] o.apache.catalina.core.StandardEngine    : Starting Servlet engine: [Apache Tomcat/10.1.31]
2026-09-13T14:01:37.778+03:00  INFO 13424 --- [ticketing] [main] o.a.c.c.C.[Tomcat].[localhost].[/]       : Initializing Spring embedded WebApplicationContext
2026-09-13T14:01:37.778+03:00  INFO 13424 --- [ticketing] [main] w.s.c.ServletWebServerApplicationContext : Root WebApplicationContext: initialization completed in 797 ms
2026-09-13T14:01:37.846+03:00  INFO 13424 --- [ticketing] [main] o.hibernate.jpa.internal.util.LogHelper  : HHH000204: Processing PersistenceUnitInfo [name: default]
2026-09-13T14:01:37.879+03:00  INFO 13424 --- [ticketing] [main] org.hibernate.Version                    : HHH000412: Hibernate ORM core version 6.5.3.Final
2026-09-13T14:01:37.895+03:00  INFO 13424 --- [ticketing] [main] o.h.c.internal.RegionFactoryInitiator    : HHH000026: Second-level cache disabled
2026-09-13T14:01:38.043+03:00  INFO 13424 --- [ticketing] [main] o.s.o.j.p.SpringPersistenceUnitInfo      : No LoadTimeWeaver setup: ignoring JPA class transformer
2026-09-13T14:01:38.058+03:00  INFO 13424 --- [ticketing] [main] com.zaxxer.hikari.HikariDataSource       : HikariPool-1 - Starting...
2026-09-13T14:01:38.148+03:00  INFO 13424 --- [ticketing] [main] com.zaxxer.hikari.pool.HikariPool        : HikariPool-1 - Added connection org.postgresql.jdbc.PgConnection@42576db9
2026-09-13T14:01:38.149+03:00  INFO 13424 --- [ticketing] [main] com.zaxxer.hikari.HikariDataSource       : HikariPool-1 - Start completed.
2026-09-13T14:01:38.166+03:00  WARN 13424 --- [ticketing] [main] org.hibernate.orm.deprecation            : HHH90000025: PostgreSQLDialect does not need to be specified explicitly using 'hibernate.dialect' (remove the property setting and it will be selected by default)
2026-09-13T14:01:38.602+03:00  INFO 13424 --- [ticketing] [main] o.h.e.t.j.p.i.JtaPlatformInitiator       : HHH000489: No JTA platform available (set 'hibernate.transaction.jta.platform' to enable JTA platform integration)
2026-09-13T14:01:38.639+03:00  WARN 13424 --- [ticketing] [main] o.h.engine.jdbc.spi.SqlExceptionHelper   : SQL Warning Code: 0, SQLState: 00000
2026-09-13T14:01:38.640+03:00  WARN 13424 --- [ticketing] [main] o.h.engine.jdbc.spi.SqlExceptionHelper   : constraint "uk6dotkott2kjsp8vw4d0m25fb7" of relation "users" does not exist, skipping
2026-09-13T14:01:38.643+03:00  INFO 13424 --- [ticketing] [main] j.LocalContainerEntityManagerFactoryBean : Initialized JPA EntityManagerFactory for persistence unit 'default'
2026-09-13T14:01:38.896+03:00  WARN 13424 --- [ticketing] [main] JpaBaseConfiguration$JpaWebConfiguration : spring.jpa.open-in-view is enabled by default. Therefore, database queries may be performed during view rendering. Explicitly configure spring.jpa.open-in-view to disable this warning
2026-09-13T14:01:38.911+03:00  INFO 13424 --- [ticketing] [main] r$InitializeUserDetailsManagerConfigurer : Global AuthenticationManager configured with UserDetailsService bean with name myUserDetailsService
2026-09-13T14:01:39.239+03:00  INFO 13424 --- [ticketing] [main] o.s.b.w.embedded.tomcat.TomcatWebServer  : Tomcat started on port 8082 (http) with context path '/'
2026-09-13T14:01:39.244+03:00  INFO 13424 --- [ticketing] [main] c.n.ticketing.TicketingApplication       : Started TicketingApplication in 2.564 seconds (process running for 2.788)
2026-09-13T14:13:44.003+03:00  INFO 13424 --- [ticketing] [SpringApplicationShutdownHook] j.LocalContainerEntityManagerFactoryBean : Closing JPA EntityManagerFactory for persistence unit 'default'
2026-09-13T14:13:44.005+03:00  INFO 13424 --- [ticketing] [SpringApplicationShutdownHook] com.zaxxer.hikari.HikariDataSource       : HikariPool-1 - Shutdown initiated...
2026-09-13T14:13:44.007+03:00  INFO 13424 --- [ticketing] [SpringApplicationShutdownHook] com.zaxxer.hikari.HikariDataSource       : HikariPool-1 - Shutdown completed.
